
> frontend@0.1.0 build
> next build

Γû▓ Next.js 16.2.3 (Turbopack)
- Environments: .env.local

  Creating an optimized production build ...
Γ£ô Compiled successfully in 3.4s
  Running TypeScript ...
node.exe : Failed to type check.
At line:1 char:1
+ & "C:\Program Files\nodejs/node.exe" "C:\Program Files\nodejs/node_mo ...
+ ~~~~~~~~~~~~~~~~~~~~~~~~~~~~~~~~~~~~~~~~~~~~~~~~~~~~~~~~~~~~~~~~~~~~~
    + CategoryInfo          : NotSpecified: (Failed to type check.:String)  
   [], RemoteException
    + FullyQualifiedErrorId : NativeCommandError
 

./src/app/admin/dashboard/page.tsx:142:22
Type error: Cannot find name 'ShieldCheck'.

  [90m140 |[0m                    </div>
  [90m141 |[0m                    <[33mChevronRight[0m 
className=[32m"absolute right-6 top-1/2 -translate-y-1/2 tex...[0m
[31m[1m>[0m [90m142 |[0m                    < [33mShieldCheck[0m 
size={[35m80[0m} className=[32m"absolute -bottom-4 -right-4 
opacity...[0m
  [90m    |[0m                      [31m[1m^[0m
  [90m143 |[0m                 </div>
  [90m144 |[0m              </div>
  [90m145 |[0m           </div>
Next.js build worker exited with code: 1 and signal: null
